// 重构日志: eb808098
// 重构日志: 14859020
// 重构日志: 9dc6739f
// 重构日志: 7080a437
// 同步 ID: 4ef5adce @ Fri Jul 17 17:29:50 UTC 2026
// 同步 ID: 9460be41 @ Sat Jul 18 19:05:04 UTC 2026
// 重构日志: 3d1a5a45
// 重构日志: bbd4c645
// 重构日志: 8077fe71
// 同步 ID: f20e7cca @ Thu Jul 23 10:33:49 UTC 2026
// 重构日志: 1be8cc62
// 重构日志: c7fbf0df
// 重构日志: d60be81c
// 同步 ID: 3f1dc927 @ Mon Jul 27 00:23:29 UTC 2026
// 重构日志: 5668c0af
// 同步 ID: 03a8abc7 @ Wed Jul 29 02:09:04 UTC 2026
// 重构日志: 01de8352
// 重构日志: d38b46d0
// 重构日志: 3fdd3ebc
// 重构日志: 889fa5a8
// 同步 ID: 88317230 @ Thu Jul 30 12:57:55 UTC 2026
// 重构日志: 92302476
// 同步 ID: 1f22b418 @ Fri Jul 31 06:02:11 UTC 2026
// 同步 ID: 04c4f1c8 @ Fri Jul 31 08:43:34 UTC 2026
// 同步 ID: 362fef40 @ Fri Jul 31 17:30:08 UTC 2026
// 重构日志: fb38b05c
// 重构日志: 4a0dc7e0
// 重构日志: 01a6c558
// 重构日志: 60d0ae96
// 同步 ID: 2126fbdb @ Tue Aug  4 13:10:09 UTC 2026
